2026-07-24T12:30:00.358Z launch: Target page, context or browser has been closed
Browser logs:
Chromium sandboxing failed!
================================
To avoid the sandboxing issue, do either of the following:
  - (preferred): Configure your environment to support sandboxing
  - (alternative): Launch Chromium without sandbox using 'chromiumSandbox: false' option
================================

Call log:
[2m  - <launching> /home/yasmeen/.cache/ms-playwright/chromium_headless_shell-1208/chrome-headless-shell-linux64/chrome-headless-shell --disable-field-trial-config --disable-background-networking --disable-background-timer-throttling --disable-backgrounding-occluded-windows --disable-back-forward-cache --disable-breakpad --disable-client-side-phishing-detection --disable-component-extensions-with-background-pages --disable-component-update --no-default-browser-check --disable-default-apps --disable-dev-shm-usage --disable-extensions --disable-features=AvoidUnnecessaryBeforeUnloadCheckSync,BoundaryEventDispatchTracksNodeRemoval,DestroyProfileOnBrowserClose,DialMediaRouteProvider,GlobalMediaControls,HttpsUpgrades,LensOverlay,MediaRouter,PaintHolding,ThirdPartyStoragePartitioning,Translate,AutoDeElevate,RenderDocument,OptimizationHints --enable-features=CDPScreenshotNewSurface --allow-pre-commit-input --disable-hang-monitor --disable-ipc-flooding-protection --disable-popup-blocking --disable-prompt-on-repost --disable-renderer-backgrounding --force-color-profile=srgb --metrics-recording-only --no-first-run --password-store=basic --use-mock-keychain --no-service-autorun --export-tagged-pdf --disable-search-engine-choice-screen --unsafely-disable-devtools-self-xss-warnings --edge-skip-compat-layer-relaunch --enable-automation --disable-infobars --disable-search-engine-choice-screen --disable-sync --enable-unsafe-swiftshader --headless --hide-scrollbars --mute-audio --blink-settings=primaryHoverType=2,availableHoverTypes=2,primaryPointerType=4,availablePointerTypes=4 --disable-blink-features=AutomationControlled --user-data-dir=/tmp/playwright_chromiumdev_profile-IUYnAf --remote-debugging-pipe --no-startup-window[22m
[2m  - <launched> pid=99828[22m
[2m  - [pid=99828][err] [0724/152959.745249:FATAL:content/browser/zygote_host/zygote_host_impl_linux.cc:128] No usable sandbox! If you are running on Ubuntu 23.10+ or another Linux distro that has disabled unprivileged user namespaces with AppArmor, see https://chromium.googlesource.com/chromium/src/+/main/docs/security/apparmor-userns-restrictions.md. Otherwise see https://chromium.googlesource.com/chromium/src/+/main/docs/linux/suid_sandbox_development.md for more information on developing with the (older) SUID sandbox. If you want to live dangerously and need an immediate workaround, you can try using --no-sandbox.[22m
[2m  - [pid=99828] <gracefully close start>[22m
[2m  - [pid=99828] <kill>[22m
[2m  - [pid=99828] <will force kill>[22m
[2m  - [pid=99828] <process did exit: exitCode=null, signal=SIGTRAP>[22m
[2m  - [pid=99828] starting temporary directories cleanup[22m
[2m  - [pid=99828] finished temporary directories cleanup[22m
[2m  - [pid=99828] <gracefully close end>[22m

launch: Target page, context or browser has been closed
Browser logs:
Chromium sandboxing failed!
================================
To avoid the sandboxing issue, do either of the following:
  - (preferred): Configure your environment to support sandboxing
  - (alternative): Launch Chromium without sandbox using 'chromiumSandbox: false' option
================================

Call log:
[2m  - <launching> /home/yasmeen/.cache/ms-playwright/chromium_headless_shell-1208/chrome-headless-shell-linux64/chrome-headless-shell --disable-field-trial-config --disable-background-networking --disable-background-timer-throttling --disable-backgrounding-occluded-windows --disable-back-forward-cache --disable-breakpad --disable-client-side-phishing-detection --disable-component-extensions-with-background-pages --disable-component-update --no-default-browser-check --disable-default-apps --disable-dev-shm-usage --disable-extensions --disable-features=AvoidUnnecessaryBeforeUnloadCheckSync,BoundaryEventDispatchTracksNodeRemoval,DestroyProfileOnBrowserClose,DialMediaRouteProvider,GlobalMediaControls,HttpsUpgrades,LensOverlay,MediaRouter,PaintHolding,ThirdPartyStoragePartitioning,Translate,AutoDeElevate,RenderDocument,OptimizationHints --enable-features=CDPScreenshotNewSurface --allow-pre-commit-input --disable-hang-monitor --disable-ipc-flooding-protection --disable-popup-blocking --disable-prompt-on-repost --disable-renderer-backgrounding --force-color-profile=srgb --metrics-recording-only --no-first-run --password-store=basic --use-mock-keychain --no-service-autorun --export-tagged-pdf --disable-search-engine-choice-screen --unsafely-disable-devtools-self-xss-warnings --edge-skip-compat-layer-relaunch --enable-automation --disable-infobars --disable-search-engine-choice-screen --disable-sync --enable-unsafe-swiftshader --headless --hide-scrollbars --mute-audio --blink-settings=primaryHoverType=2,availableHoverTypes=2,primaryPointerType=4,availablePointerTypes=4 --disable-blink-features=AutomationControlled --user-data-dir=/tmp/playwright_chromiumdev_profile-IUYnAf --remote-debugging-pipe --no-startup-window[22m
[2m  - <launched> pid=99828[22m
[2m  - [pid=99828][err] [0724/152959.745249:FATAL:content/browser/zygote_host/zygote_host_impl_linux.cc:128] No usable sandbox! If you are running on Ubuntu 23.10+ or another Linux distro that has disabled unprivileged user namespaces with AppArmor, see https://chromium.googlesource.com/chromium/src/+/main/docs/security/apparmor-userns-restrictions.md. Otherwise see https://chromium.googlesource.com/chromium/src/+/main/docs/linux/suid_sandbox_development.md for more information on developing with the (older) SUID sandbox. If you want to live dangerously and need an immediate workaround, you can try using --no-sandbox.[22m
[2m  - [pid=99828] <gracefully close start>[22m
[2m  - [pid=99828] <kill>[22m
[2m  - [pid=99828] <will force kill>[22m
[2m  - [pid=99828] <process did exit: exitCode=null, signal=SIGTRAP>[22m
[2m  - [pid=99828] starting temporary directories cleanup[22m
[2m  - [pid=99828] finished temporary directories cleanup[22m
[2m  - [pid=99828] <gracefully close end>[22m

    at launch (/home/yasmeen/gstack/browse/src/browser-manager.ts:372:35)
    at async start (/home/yasmeen/gstack/browse/src/server.ts:2974:28)
    at processTicksAndRejections (native:7:39)
